// Jest Snapshot v1, https://goo.gl/fbAQLP

exports[`renders Card component correctly 1`] = `
<div
  class="Card"
>
  <h4
    class="Card-title"
  >
    Test Caption
  </h4>
  <img
    alt="Test Caption"
    class="Card-image"
    src="test.jpg"
  />
  <small
    class="Card-small"
  >
    Image 
    1
     of 
    2
    .
  </small>
</div>
`;
